// Jest Snapshot v1, https://goo.gl/fbAQLP

exports[`<App /> renders without crashing 1`] = `
Object {
  "asFragment": [Function],
  "baseElement": <body>
    <div>
      <div
        class="App"
      >
        <nav
          class="psi-nav-bar navbar navbar-expand-md navbar-light bg-light"
        >
          <a
            class="navbar-brand"
            href="/"
          >
            <img
              alt="Psi logo"
              src="logo.png"
            />
          </a>
          <ul
            class="nav"
          >
            <li
              class="nav-item"
            >
              <a
                class="nav-link psi-nav-link"
                href="/test"
              >
                Test
              </a>
            </li>
          </ul>
        </nav>
        <div
          class="container"
        >
          <div
            class="row"
          >
            <div
              class="col-auto"
            >
              <h2
                role="heading"
              >
                This is the home page.
              </h2>
            </div>
          </div>
        </div>
      </div>
    </div>
  </body>,
  "container": <div>
    <div
      class="App"
    >
      <nav
        class="psi-nav-bar navbar navbar-expand-md navbar-light bg-light"
      >
        <a
          class="navbar-brand"
          href="/"
        >
          <img
            alt="Psi logo"
            src="logo.png"
          />
        </a>
        <ul
          class="nav"
        >
          <li
            class="nav-item"
          >
            <a
              class="nav-link psi-nav-link"
              href="/test"
            >
              Test
            </a>
          </li>
        </ul>
      </nav>
      <div
        class="container"
      >
        <div
          class="row"
        >
          <div
            class="col-auto"
          >
            <h2
              role="heading"
            >
              This is the home page.
            </h2>
          </div>
        </div>
      </div>
    </div>
  </div>,
  "debug": [Function],
  "findAllByAltText": [Function],
  "findAllByDisplayValue": [Function],
  "findAllByLabelText": [Function],
  "findAllByPlaceholderText": [Function],
  "findAllByRole": [Function],
  "findAllByTestId": [Function],
  "findAllByText": [Function],
  "findAllByTitle": [Function],
  "findByAltText": [Function],
  "findByDisplayValue": [Function],
  "findByLabelText": [Function],
  "findByPlaceholderText": [Function],
  "findByRole": [Function],
  "findByTestId": [Function],
  "findByText": [Function],
  "findByTitle": [Function],
  "getAllByAltText": [Function],
  "getAllByDisplayValue": [Function],
  "getAllByLabelText": [Function],
  "getAllByPlaceholderText": [Function],
  "getAllByRole": [Function],
  "getAllByTestId": [Function],
  "getAllByText": [Function],
  "getAllByTitle": [Function],
  "getByAltText": [Function],
  "getByDisplayValue": [Function],
  "getByLabelText": [Function],
  "getByPlaceholderText": [Function],
  "getByRole": [Function],
  "getByTestId": [Function],
  "getByText": [Function],
  "getByTitle": [Function],
  "queryAllByAltText": [Function],
  "queryAllByDisplayValue": [Function],
  "queryAllByLabelText": [Function],
  "queryAllByPlaceholderText": [Function],
  "queryAllByRole": [Function],
  "queryAllByTestId": [Function],
  "queryAllByText": [Function],
  "queryAllByTitle": [Function],
  "queryByAltText": [Function],
  "queryByDisplayValue": [Function],
  "queryByLabelText": [Function],
  "queryByPlaceholderText": [Function],
  "queryByRole": [Function],
  "queryByTestId": [Function],
  "queryByText": [Function],
  "queryByTitle": [Function],
  "rerender": [Function],
  "unmount": [Function],
}
`;
